Mock Tally server listening on port 9000

=== INCOMING HTTP REQUEST ===
POST / HTTP/1.1
host: localhost:9000
connection: keep-alive
content-type: text/xml
accept: text/xml
accept-language: *
sec-fetch-mode: cors
user-agent: node
accept-encoding: gzip, deflate
content-length: 3935

--- REQUEST BODY ---
<ENVELOPE>
  <HEADER>
    <TALLYREQUEST>Import Data</TALLYREQUEST>
  </HEADER>
  <BODY>
    <IMPORTDATA>
      <REQUESTDESC>
        <REPORTNAME>Vouchers</REPORTNAME>
        <STATICVARIABLES>
          <SVCURRENTCOMPANY>Mock Company</SVCURRENTCOMPANY>
        </STATICVARIABLES>
      </REQUESTDESC>
      <REQUESTDATA>
        <TALLYMESSAGE xmlns:UDF="TallyUDF">
          <VOUCHER VCHTYPE="Journal" ACTION="Create">
            <DATE>20260727</DATE>
            <VOUCHERTYPENAME>Journal</VOUCHERTYPENAME>
            <VOUCHERNUMBER>V-12345</VOUCHERNUMBER>
            <PARTYLEDGERNAME>TEST_VENDOR_LEDGER</PARTYLEDGERNAME>
            
            <CSTFORMISSUETYPE/>
            <CSTFORMRECVTYPE/>
            <FBTPAYMENTTYPE>Default</FBTPAYMENTTYPE>
            <PERSISTEDVIEW>Accounting Voucher View</PERSISTEDVIEW>
            <VCHGSTCLASS/>
            <DIFFACTUALQTY>No</DIFFACTUALQTY>
            <ISMSTFROMSYNC>No</ISMSTFROMSYNC>
            <ASORIGINAL>No</ASORIGINAL>
            <AUDITED>No</AUDITED>
            <FORJOBCOSTING>No</FORJOBCOSTING>
            <ISOPTIONAL>No</ISOPTIONAL>
            <EFFECTIVEDATE>20260727</EFFECTIVEDATE>
            <USEFORINTEREST>No</USEFORINTEREST>
            <USEFORGAINLOSS>No</USEFORGAINLOSS>
            <USEFORGODOWNTRANSFER>No</USEFORGODOWNTRANSFER>
            <USEFORCOMPOUND>No</USEFORCOMPOUND>
            <USEFORSERVICETAX>No</USEFORSERVICETAX>
            <EXCISEOPENING>No</EXCISEOPENING>
            <USEFORFINALPRODUCTION>No</USEFORFINALPRODUCTION>
            <ISCANCELLED>No</ISCANCELLED>
            <HASCASHFLOW>No</HASCASHFLOW>
            <ISPOSTDATED>No</ISPOSTDATED>
            <USETRACKINGNUMBER>No</USETRACKINGNUMBER>
            <ISINVOICE>No</ISINVOICE>
            <MFGJOURNAL>No</MFGJOURNAL>
            <HASDISCOUNTS>No</HASDISCOUNTS>
            <ASPAYSLIP>No</ASPAYSLIP>
            <ISCOSTCENTRE>No</ISCOSTCENTRE>
            <ISSTXNONREALIZEDVCH>No</ISSTXNONREALIZEDVCH>
            <ISBLANKCHEQUE>No</ISBLANKCHEQUE>
            <ISVOID>No</ISVOID>
            <ORDERLINESTATUS>No</ORDERLINESTATUS>
            <VATISAGNSTCANCSALES>No</VATISAGNSTCANCSALES>
            <VATISPURCEXEMPTED>No</VATISPURCEXEMPTED>
            <ISDELETED>No</ISDELETED>
            <CHANGEVCHMODE>No</CHANGEVCHMODE>
            <ALTERID>0</ALTERID>
            <MASTERID>0</MASTERID>
            <VOUCHERKEY>0</VOUCHERKEY>
            <EXCLUDEDTAXATIONS.LIST/>
            <OLDAUDITENTRIES.LIST/>
            <ACCOUNTAUDITENTRIES.LIST/>
            <AUDITENTRIES.LIST/>
            <DUTYHEADDETAILS.LIST/>
            <SUPPLEMENTARYDUTYHEADDETAILS.LIST/>
            <INVOICEDELNOTES.LIST/>
            <INVOICEORDERLIST.LIST/>
            <INVOICEINDENTLIST.LIST/>
            <ATTENDANCEENTRIES.LIST/>
            <ORIGINALINVOICEDETAILS.LIST/>
            <INVOICEEXPORTLIST.LIST/>
            <ALLLEDGERENTRIES.LIST>
              <LEDGERNAME>TEST_VENDOR_LEDGER</LEDGERNAME>
              <ISDEEMEDPOSITIVE>No</ISDEEMEDPOSITIVE>
              <LEDGERFROMITEM>No</LEDGERFROMITEM>
              <REMOVEZEROENTRIES>No</REMOVEZEROENTRIES>
              <ISPARTYLEDGER>Yes</ISPARTYLEDGER>
              <ISLASTDEEMEDPOSITIVE>No</ISLASTDEEMEDPOSITIVE>
              <ISCAPITALGOODS>No</ISCAPITALGOODS>
              <AMOUNT>1000</AMOUNT>
            </ALLLEDGERENTRIES.LIST>
            <ALLLEDGERENTRIES.LIST>
              <LEDGERNAME>TEST_VENDOR_EXPENSE</LEDGERNAME>
              <ISDEEMEDPOSITIVE>Yes</ISDEEMEDPOSITIVE>
              <LEDGERFROMITEM>No</LEDGERFROMITEM>
              <REMOVEZEROENTRIES>No</REMOVEZEROENTRIES>
              <ISPARTYLEDGER>No</ISPARTYLEDGER>
              <ISLASTDEEMEDPOSITIVE>Yes</ISLASTDEEMEDPOSITIVE>
              <ISCAPITALGOODS>No</ISCAPITALGOODS>
              <AMOUNT>-1000</AMOUNT>
            </ALLLEDGERENTRIES.LIST>
          </VOUCHER>
        </TALLYMESSAGE>
      </REQUESTDATA>
    </IMPORTDATA>
  </BODY>
</ENVELOPE>
--- END BODY ---
Buffer length  : 3935
String length  : 3935
Hex (0-200b)   : 3c454e56454c4f50453e0a20203c4845414445523e0a202020203c54414c4c59524551554553543e496d706f727420446174613c2f54414c4c59524551554553543e0a20203c2f4845414445523e0a20203c424f44593e0a202020203c494d504f5254444154413e0a2020202020203c52455155455354444553433e0a20202020202020203c5245504f52544e414d453e566f7563686572733c2f5245504f52544e414d453e0a20202020202020203c5354415449435641524941424c45533e0a20202020202020
Saved body to transport-final.xml
=== RESPONSE: 200 (Voucher accepted) ===
<ENVELOPE><CREATED>1</CREATED></ENVELOPE>
